2026-09-10 13:26:43,768 INFO     spot_detector.run_pipeline: === Pipeline starting | mode=2D ===
2026-09-10 13:26:43,768 INFO     spot_detector.run_pipeline: Data folder: /home/michalv/Analysis/nikon_cellpose_bags_spots/data
2026-09-10 13:26:43,769 DEBUG    spot_detector.utils: Loading custom Cellpose model...
2026-09-10 13:26:45,829 INFO     cellpose.models: >>>> loading model ../_pipeline_assets/cellpose_models/cpsam_pseudo3d_4x_20260506
2026-09-10 13:26:47,162 DEBUG    spot_detector.utils: Loading Spotiflow model...
2026-09-10 13:26:47,675 INFO     spot_detector.utils: Loaded custom Spotiflow model from: ../_pipeline_assets/bag_spot_model
2026-09-10 13:26:47,675 WARNING  spot_detector.utils: Mode conflict: model is 3D but pipeline is 2D. Overriding with synth_complex...
2026-09-10 13:26:47,676 INFO     spotiflow.model.spotiflow: Loading pretrained model: synth_complex
2026-09-10 13:26:48,168 INFO     spot_detector.run_pipeline: --- Processing: allON_HP.nd2 ---
2026-09-10 13:26:48,172 INFO     spot_detector.run_pipeline: Scenes: 6
2026-09-10 13:26:48,176 DEBUG    spot_detector.run_pipeline: Scene 00 / 5
2026-09-10 13:26:49,663 DEBUG    spot_detector.run_pipeline: Segmenting (2D)...
2026-09-10 13:26:51,217 INFO     spot_detector.run_pipeline: Found 1 object(s) after border clearing
2026-09-10 13:26:51,218 DEBUG    spot_detector.run_pipeline: Detecting spots (2D)...
2026-09-10 13:26:52,185 INFO     spot_detector.run_pipeline: Detected 866 spot(s), 866 assigned
2026-09-10 13:26:57,788 DEBUG    spot_detector.qc_figures: [QC] Saved summary: allON_HP_S00_2D_qc.png
2026-09-10 13:26:57,791 DEBUG    spot_detector.run_pipeline: Scene 01 / 5
2026-09-10 13:27:00,822 DEBUG    spot_detector.run_pipeline: Segmenting (2D)...
2026-09-10 13:27:01,935 INFO     spot_detector.run_pipeline: Found 2 object(s) after border clearing
2026-09-10 13:27:01,936 DEBUG    spot_detector.run_pipeline: Detecting spots (2D)...
2026-09-10 13:27:02,752 INFO     spot_detector.run_pipeline: Detected 1822 spot(s), 1822 assigned
2026-09-10 13:27:08,855 DEBUG    spot_detector.qc_figures: [QC] Saved summary: allON_HP_S01_2D_qc.png
2026-09-10 13:27:08,859 DEBUG    spot_detector.run_pipeline: Scene 02 / 5
2026-09-10 13:27:10,774 DEBUG    spot_detector.run_pipeline: Segmenting (2D)...
2026-09-10 13:27:11,878 INFO     spot_detector.run_pipeline: Found 1 object(s) after border clearing
2026-09-10 13:27:11,879 DEBUG    spot_detector.run_pipeline: Detecting spots (2D)...
2026-09-10 13:27:12,598 INFO     spot_detector.run_pipeline: Detected 808 spot(s), 808 assigned
2026-09-10 13:27:18,137 DEBUG    spot_detector.qc_figures: [QC] Saved summary: allON_HP_S02_2D_qc.png
2026-09-10 13:27:18,141 DEBUG    spot_detector.run_pipeline: Scene 03 / 5
2026-09-10 13:27:19,925 DEBUG    spot_detector.run_pipeline: Segmenting (2D)...
2026-09-10 13:27:21,304 INFO     spot_detector.run_pipeline: Found 1 object(s) after border clearing
2026-09-10 13:27:21,305 DEBUG    spot_detector.run_pipeline: Detecting spots (2D)...
2026-09-10 13:27:22,051 INFO     spot_detector.run_pipeline: Detected 806 spot(s), 806 assigned
2026-09-10 13:27:27,130 DEBUG    spot_detector.qc_figures: [QC] Saved summary: allON_HP_S03_2D_qc.png
2026-09-10 13:27:27,132 DEBUG    spot_detector.run_pipeline: Scene 04 / 5
2026-09-10 13:27:31,650 DEBUG    spot_detector.run_pipeline: Segmenting (2D)...
2026-09-10 13:27:32,899 INFO     spot_detector.run_pipeline: Found 1 object(s) after border clearing
2026-09-10 13:27:32,900 DEBUG    spot_detector.run_pipeline: Detecting spots (2D)...
2026-09-10 13:27:33,640 INFO     spot_detector.run_pipeline: Detected 849 spot(s), 849 assigned
2026-09-10 13:27:38,225 DEBUG    spot_detector.qc_figures: [QC] Saved summary: allON_HP_S04_2D_qc.png
2026-09-10 13:27:38,228 DEBUG    spot_detector.run_pipeline: Scene 05 / 5
2026-09-10 13:27:39,323 DEBUG    spot_detector.run_pipeline: Segmenting (2D)...
2026-09-10 13:27:40,277 INFO     spot_detector.run_pipeline: Found 1 object(s) after border clearing
2026-09-10 13:27:40,278 DEBUG    spot_detector.run_pipeline: Detecting spots (2D)...
2026-09-10 13:27:41,001 INFO     spot_detector.run_pipeline: Detected 704 spot(s), 704 assigned
2026-09-10 13:27:44,421 DEBUG    spot_detector.qc_figures: [QC] Saved summary: allON_HP_S05_2D_qc.png
2026-09-10 13:27:44,429 INFO     spot_detector.run_pipeline: Saved CSV: allON_HP_objects_2D.csv  (7 rows)
2026-09-10 13:27:45,191 INFO     spot_detector.qc_figures: [QC] Saved scene summary: allON_HP_summary_2D.png
2026-09-10 13:27:45,215 INFO     spot_detector.run_pipeline: --- Processing: P_None_No.nd2 ---
2026-09-10 13:27:45,221 INFO     spot_detector.run_pipeline: Scenes: 10
2026-09-10 13:27:45,224 DEBUG    spot_detector.run_pipeline: Scene 00 / 9
2026-09-10 13:27:46,347 DEBUG    spot_detector.run_pipeline: Segmenting (2D)...
2026-09-10 13:27:47,734 INFO     spot_detector.run_pipeline: Found 1 object(s) after border clearing
2026-09-10 13:27:47,735 DEBUG    spot_detector.run_pipeline: Detecting spots (2D)...
2026-09-10 13:27:48,551 INFO     spot_detector.run_pipeline: Detected 16 spot(s), 8 assigned
2026-09-10 13:27:52,604 DEBUG    spot_detector.qc_figures: [QC] Saved summary: P_None_No_S00_2D_qc.png
2026-09-10 13:27:52,607 DEBUG    spot_detector.run_pipeline: Scene 01 / 9
2026-09-10 13:27:53,656 DEBUG    spot_detector.run_pipeline: Segmenting (2D)...
2026-09-10 13:27:54,845 INFO     spot_detector.run_pipeline: Found 3 object(s) after border clearing
2026-09-10 13:27:54,846 DEBUG    spot_detector.run_pipeline: Detecting spots (2D)...
2026-09-10 13:27:55,643 INFO     spot_detector.run_pipeline: Detected 435 spot(s), 404 assigned
2026-09-10 13:28:01,782 DEBUG    spot_detector.qc_figures: [QC] Saved summary: P_None_No_S01_2D_qc.png
2026-09-10 13:28:01,786 DEBUG    spot_detector.run_pipeline: Scene 02 / 9
2026-09-10 13:28:03,967 DEBUG    spot_detector.run_pipeline: Segmenting (2D)...
2026-09-10 13:28:05,486 INFO     spot_detector.run_pipeline: Found 2 object(s) after border clearing
2026-09-10 13:28:05,487 DEBUG    spot_detector.run_pipeline: Detecting spots (2D)...
2026-09-10 13:28:06,346 INFO     spot_detector.run_pipeline: Detected 302 spot(s), 297 assigned
2026-09-10 13:28:12,696 DEBUG    spot_detector.qc_figures: [QC] Saved summary: P_None_No_S02_2D_qc.png
2026-09-10 13:28:12,700 DEBUG    spot_detector.run_pipeline: Scene 03 / 9
2026-09-10 13:28:14,460 DEBUG    spot_detector.run_pipeline: Segmenting (2D)...
2026-09-10 13:28:15,907 INFO     spot_detector.run_pipeline: Found 3 object(s) after border clearing
2026-09-10 13:28:15,908 DEBUG    spot_detector.run_pipeline: Detecting spots (2D)...
2026-09-10 13:28:16,768 INFO     spot_detector.run_pipeline: Detected 543 spot(s), 451 assigned
2026-09-10 13:28:21,609 DEBUG    spot_detector.qc_figures: [QC] Saved summary: P_None_No_S03_2D_qc.png
2026-09-10 13:28:21,613 DEBUG    spot_detector.run_pipeline: Scene 04 / 9
2026-09-10 13:28:23,829 DEBUG    spot_detector.run_pipeline: Segmenting (2D)...
2026-09-10 13:28:25,371 INFO     spot_detector.run_pipeline: Found 2 object(s) after border clearing
2026-09-10 13:28:25,372 DEBUG    spot_detector.run_pipeline: Detecting spots (2D)...
2026-09-10 13:28:26,262 INFO     spot_detector.run_pipeline: Detected 331 spot(s), 255 assigned
2026-09-10 13:28:32,652 DEBUG    spot_detector.qc_figures: [QC] Saved summary: P_None_No_S04_2D_qc.png
2026-09-10 13:28:32,657 DEBUG    spot_detector.run_pipeline: Scene 05 / 9
2026-09-10 13:28:34,271 DEBUG    spot_detector.run_pipeline: Segmenting (2D)...
2026-09-10 13:28:35,698 INFO     spot_detector.run_pipeline: Found 3 object(s) after border clearing
2026-09-10 13:28:35,699 DEBUG    spot_detector.run_pipeline: Detecting spots (2D)...
2026-09-10 13:28:36,529 INFO     spot_detector.run_pipeline: Detected 442 spot(s), 432 assigned
2026-09-10 13:28:43,484 DEBUG    spot_detector.qc_figures: [QC] Saved summary: P_None_No_S05_2D_qc.png
2026-09-10 13:28:43,487 DEBUG    spot_detector.run_pipeline: Scene 06 / 9
2026-09-10 13:28:44,740 DEBUG    spot_detector.run_pipeline: Segmenting (2D)...
2026-09-10 13:28:46,280 INFO     spot_detector.run_pipeline: Found 4 object(s) after border clearing
2026-09-10 13:28:46,281 DEBUG    spot_detector.run_pipeline: Detecting spots (2D)...
2026-09-10 13:28:47,099 INFO     spot_detector.run_pipeline: Detected 622 spot(s), 510 assigned
2026-09-10 13:28:51,999 DEBUG    spot_detector.qc_figures: [QC] Saved summary: P_None_No_S06_2D_qc.png
2026-09-10 13:28:52,003 DEBUG    spot_detector.run_pipeline: Scene 07 / 9
2026-09-10 13:28:52,935 DEBUG    spot_detector.run_pipeline: Segmenting (2D)...
2026-09-10 13:28:54,051 INFO     spot_detector.run_pipeline: Found 2 object(s) after border clearing
2026-09-10 13:28:54,052 DEBUG    spot_detector.run_pipeline: Detecting spots (2D)...
2026-09-10 13:28:54,844 INFO     spot_detector.run_pipeline: Detected 367 spot(s), 313 assigned
2026-09-10 13:28:58,740 DEBUG    spot_detector.qc_figures: [QC] Saved summary: P_None_No_S07_2D_qc.png
2026-09-10 13:28:58,744 DEBUG    spot_detector.run_pipeline: Scene 08 / 9
2026-09-10 13:29:00,070 DEBUG    spot_detector.run_pipeline: Segmenting (2D)...
2026-09-10 13:29:01,222 INFO     spot_detector.run_pipeline: Found 2 object(s) after border clearing
2026-09-10 13:29:01,222 DEBUG    spot_detector.run_pipeline: Detecting spots (2D)...
2026-09-10 13:29:02,034 INFO     spot_detector.run_pipeline: Detected 363 spot(s), 257 assigned
2026-09-10 13:29:05,857 DEBUG    spot_detector.qc_figures: [QC] Saved summary: P_None_No_S08_2D_qc.png
2026-09-10 13:29:05,861 DEBUG    spot_detector.run_pipeline: Scene 09 / 9
2026-09-10 13:29:07,161 DEBUG    spot_detector.run_pipeline: Segmenting (2D)...
2026-09-10 13:29:08,451 INFO     spot_detector.run_pipeline: Found 1 object(s) after border clearing
2026-09-10 13:29:08,452 DEBUG    spot_detector.run_pipeline: Detecting spots (2D)...
2026-09-10 13:29:09,249 INFO     spot_detector.run_pipeline: Detected 253 spot(s), 165 assigned
2026-09-10 13:29:13,908 DEBUG    spot_detector.qc_figures: [QC] Saved summary: P_None_No_S09_2D_qc.png
2026-09-10 13:29:13,913 INFO     spot_detector.run_pipeline: Saved CSV: P_None_No_objects_2D.csv  (23 rows)
2026-09-10 13:29:14,755 INFO     spot_detector.qc_figures: [QC] Saved scene summary: P_None_No_summary_2D.png
2026-09-10 13:29:14,800 INFO     spot_detector.run_pipeline: --- Processing: None_0.nd2 ---
2026-09-10 13:29:14,804 INFO     spot_detector.run_pipeline: Scenes: 5
2026-09-10 13:29:14,808 DEBUG    spot_detector.run_pipeline: Scene 00 / 4
2026-09-10 13:29:16,495 DEBUG    spot_detector.run_pipeline: Segmenting (2D)...
2026-09-10 13:29:17,827 INFO     spot_detector.run_pipeline: Found 1 object(s) after border clearing
2026-09-10 13:29:17,828 DEBUG    spot_detector.run_pipeline: Detecting spots (2D)...
2026-09-10 13:29:18,642 INFO     spot_detector.run_pipeline: Detected 49 spot(s), 22 assigned
2026-09-10 13:29:22,765 DEBUG    spot_detector.qc_figures: [QC] Saved summary: None_S00_2D_qc.png
2026-09-10 13:29:22,797 DEBUG    spot_detector.run_pipeline: Scene 01 / 4
2026-09-10 13:29:24,575 DEBUG    spot_detector.run_pipeline: Segmenting (2D)...
2026-09-10 13:29:26,140 INFO     spot_detector.run_pipeline: Found 1 object(s) after border clearing
2026-09-10 13:29:26,141 DEBUG    spot_detector.run_pipeline: Detecting spots (2D)...
2026-09-10 13:29:26,971 INFO     spot_detector.run_pipeline: Detected 45 spot(s), 28 assigned
2026-09-10 13:29:33,270 DEBUG    spot_detector.qc_figures: [QC] Saved summary: None_S01_2D_qc.png
2026-09-10 13:29:33,273 DEBUG    spot_detector.run_pipeline: Scene 02 / 4
2026-09-10 13:29:35,063 DEBUG    spot_detector.run_pipeline: Segmenting (2D)...
2026-09-10 13:29:36,506 INFO     spot_detector.run_pipeline: Found 1 object(s) after border clearing
2026-09-10 13:29:36,506 DEBUG    spot_detector.run_pipeline: Detecting spots (2D)...
2026-09-10 13:29:37,381 INFO     spot_detector.run_pipeline: Detected 28 spot(s), 12 assigned
2026-09-10 13:29:42,790 DEBUG    spot_detector.qc_figures: [QC] Saved summary: None_S02_2D_qc.png
2026-09-10 13:29:42,794 DEBUG    spot_detector.run_pipeline: Scene 03 / 4
2026-09-10 13:29:44,828 DEBUG    spot_detector.run_pipeline: Segmenting (2D)...
2026-09-10 13:29:46,252 INFO     spot_detector.run_pipeline: Found 1 object(s) after border clearing
2026-09-10 13:29:46,253 DEBUG    spot_detector.run_pipeline: Detecting spots (2D)...
2026-09-10 13:29:47,093 INFO     spot_detector.run_pipeline: Detected 49 spot(s), 19 assigned
2026-09-10 13:29:53,784 DEBUG    spot_detector.qc_figures: [QC] Saved summary: None_S03_2D_qc.png
2026-09-10 13:29:53,787 DEBUG    spot_detector.run_pipeline: Scene 04 / 4
2026-09-10 13:29:55,642 DEBUG    spot_detector.run_pipeline: Segmenting (2D)...
2026-09-10 13:29:57,100 INFO     spot_detector.run_pipeline: Found 2 object(s) after border clearing
2026-09-10 13:29:57,101 DEBUG    spot_detector.run_pipeline: Detecting spots (2D)...
2026-09-10 13:29:57,931 INFO     spot_detector.run_pipeline: Detected 28 spot(s), 12 assigned
2026-09-10 13:30:06,033 DEBUG    spot_detector.qc_figures: [QC] Saved summary: None_S04_2D_qc.png
2026-09-10 13:30:06,040 INFO     spot_detector.run_pipeline: Saved CSV: None_objects_2D.csv  (6 rows)
2026-09-10 13:30:07,238 INFO     spot_detector.qc_figures: [QC] Saved scene summary: None_summary_2D.png
2026-09-10 13:30:07,242 INFO     spot_detector.run_pipeline: Saved run CSV: _run_objects_2D.csv (36 rows, 3 condition(s))
2026-09-10 13:30:07,832 INFO     spot_detector.qc_figures: [QC] Saved run summary: _run_summary_2D.png
2026-09-10 13:31:17,618 DEBUG    Comm: handle_msg[9e129841d9654cd8be2cb56d9bbf6f21]({'header': {'date': datetime.datetime(2026, 9, 10, 17, 31, 17, 616000, tzinfo=tzutc()), 'msg_id': 'b405e35f-636d-4cad-9ce6-e81326281315', 'msg_type': 'comm_msg', 'session': 'e5f7116c-d627-4768-95ad-d097da11888a', 'username': 'ab16067f-47ab-41c0-bc67-b1d633a2f9a8', 'version': '5.2'}, 'msg_id': 'b405e35f-636d-4cad-9ce6-e81326281315', 'msg_type': 'comm_msg', 'parent_header': {}, 'metadata': {}, 'content': {'comm_id': '9e129841d9654cd8be2cb56d9bbf6f21', 'data': {'method': 'custom', 'content': {'event': 'click'}}}, 'buffers': []})
2026-09-10 13:31:20,915 DEBUG    Comm: handle_msg[66279d17416a4dcba35791d105f4afd4]({'header': {'date': datetime.datetime(2026, 9, 10, 17, 31, 20, 914000, tzinfo=tzutc()), 'msg_id': 'c54f372a-c5fc-4cbe-b763-748892f3b1e8', 'msg_type': 'comm_msg', 'session': 'e5f7116c-d627-4768-95ad-d097da11888a', 'username': 'ab16067f-47ab-41c0-bc67-b1d633a2f9a8', 'version': '5.2'}, 'msg_id': 'c54f372a-c5fc-4cbe-b763-748892f3b1e8', 'msg_type': 'comm_msg', 'parent_header': {}, 'metadata': {}, 'content': {'comm_id': '66279d17416a4dcba35791d105f4afd4', 'data': {'method': 'update', 'state': {'index': 1}, 'buffer_paths': []}}, 'buffers': []})
2026-09-10 13:31:21,082 DEBUG    Comm: handle_msg[66279d17416a4dcba35791d105f4afd4]({'header': {'date': datetime.datetime(2026, 9, 10, 17, 31, 21, 80000, tzinfo=tzutc()), 'msg_id': '900b8e61-e2b8-4b93-8b00-baf88bb66674', 'msg_type': 'comm_msg', 'session': 'e5f7116c-d627-4768-95ad-d097da11888a', 'username': 'ab16067f-47ab-41c0-bc67-b1d633a2f9a8', 'version': '5.2'}, 'msg_id': '900b8e61-e2b8-4b93-8b00-baf88bb66674', 'msg_type': 'comm_msg', 'parent_header': {}, 'metadata': {}, 'content': {'comm_id': '66279d17416a4dcba35791d105f4afd4', 'data': {'method': 'update', 'state': {'index': 1}, 'buffer_paths': []}}, 'buffers': []})
2026-09-10 13:31:27,370 DEBUG    Comm: handle_msg[66279d17416a4dcba35791d105f4afd4]({'header': {'date': datetime.datetime(2026, 9, 10, 17, 31, 27, 368000, tzinfo=tzutc()), 'msg_id': 'd946daa1-f9e5-4174-92de-32b99dc51920', 'msg_type': 'comm_msg', 'session': 'e5f7116c-d627-4768-95ad-d097da11888a', 'username': 'ab16067f-47ab-41c0-bc67-b1d633a2f9a8', 'version': '5.2'}, 'msg_id': 'd946daa1-f9e5-4174-92de-32b99dc51920', 'msg_type': 'comm_msg', 'parent_header': {}, 'metadata': {}, 'content': {'comm_id': '66279d17416a4dcba35791d105f4afd4', 'data': {'method': 'update', 'state': {'index': 6}, 'buffer_paths': []}}, 'buffers': []})
2026-09-10 13:31:27,896 DEBUG    Comm: handle_msg[9e129841d9654cd8be2cb56d9bbf6f21]({'header': {'date': datetime.datetime(2026, 9, 10, 17, 31, 27, 895000, tzinfo=tzutc()), 'msg_id': 'f2b12689-5e30-49af-a584-e26f30b138d2', 'msg_type': 'comm_msg', 'session': 'e5f7116c-d627-4768-95ad-d097da11888a', 'username': 'ab16067f-47ab-41c0-bc67-b1d633a2f9a8', 'version': '5.2'}, 'msg_id': 'f2b12689-5e30-49af-a584-e26f30b138d2', 'msg_type': 'comm_msg', 'parent_header': {}, 'metadata': {}, 'content': {'comm_id': '9e129841d9654cd8be2cb56d9bbf6f21', 'data': {'method': 'custom', 'content': {'event': 'click'}}}, 'buffers': []})
2026-09-10 13:31:31,809 DEBUG    Comm: handle_msg[9e129841d9654cd8be2cb56d9bbf6f21]({'header': {'date': datetime.datetime(2026, 9, 10, 17, 31, 31, 807000, tzinfo=tzutc()), 'msg_id': '5a12bafa-2078-4c2d-9633-44bde0ab469f', 'msg_type': 'comm_msg', 'session': 'e5f7116c-d627-4768-95ad-d097da11888a', 'username': 'ab16067f-47ab-41c0-bc67-b1d633a2f9a8', 'version': '5.2'}, 'msg_id': '5a12bafa-2078-4c2d-9633-44bde0ab469f', 'msg_type': 'comm_msg', 'parent_header': {}, 'metadata': {}, 'content': {'comm_id': '9e129841d9654cd8be2cb56d9bbf6f21', 'data': {'method': 'custom', 'content': {'event': 'click'}}}, 'buffers': []})
2026-09-10 13:31:34,201 DEBUG    Comm: handle_msg[66279d17416a4dcba35791d105f4afd4]({'header': {'date': datetime.datetime(2026, 9, 10, 17, 31, 34, 200000, tzinfo=tzutc()), 'msg_id': '9aa143f7-e0d7-43ef-96a5-b87dd438367d', 'msg_type': 'comm_msg', 'session': 'e5f7116c-d627-4768-95ad-d097da11888a', 'username': 'ab16067f-47ab-41c0-bc67-b1d633a2f9a8', 'version': '5.2'}, 'msg_id': '9aa143f7-e0d7-43ef-96a5-b87dd438367d', 'msg_type': 'comm_msg', 'parent_header': {}, 'metadata': {}, 'content': {'comm_id': '66279d17416a4dcba35791d105f4afd4', 'data': {'method': 'update', 'state': {'index': 21}, 'buffer_paths': []}}, 'buffers': []})
2026-09-10 13:31:34,818 DEBUG    Comm: handle_msg[9e129841d9654cd8be2cb56d9bbf6f21]({'header': {'date': datetime.datetime(2026, 9, 10, 17, 31, 34, 816000, tzinfo=tzutc()), 'msg_id': 'dac91fc7-ebab-404f-b0d4-427569514bbc', 'msg_type': 'comm_msg', 'session': 'e5f7116c-d627-4768-95ad-d097da11888a', 'username': 'ab16067f-47ab-41c0-bc67-b1d633a2f9a8', 'version': '5.2'}, 'msg_id': 'dac91fc7-ebab-404f-b0d4-427569514bbc', 'msg_type': 'comm_msg', 'parent_header': {}, 'metadata': {}, 'content': {'comm_id': '9e129841d9654cd8be2cb56d9bbf6f21', 'data': {'method': 'custom', 'content': {'event': 'click'}}}, 'buffers': []})
2026-09-10 13:31:37,906 DEBUG    Comm: handle_msg[9e129841d9654cd8be2cb56d9bbf6f21]({'header': {'date': datetime.datetime(2026, 9, 10, 17, 31, 37, 904000, tzinfo=tzutc()), 'msg_id': '49d5fbd4-0b11-4185-be1b-9464dee1948d', 'msg_type': 'comm_msg', 'session': 'e5f7116c-d627-4768-95ad-d097da11888a', 'username': 'ab16067f-47ab-41c0-bc67-b1d633a2f9a8', 'version': '5.2'}, 'msg_id': '49d5fbd4-0b11-4185-be1b-9464dee1948d', 'msg_type': 'comm_msg', 'parent_header': {}, 'metadata': {}, 'content': {'comm_id': '9e129841d9654cd8be2cb56d9bbf6f21', 'data': {'method': 'custom', 'content': {'event': 'click'}}}, 'buffers': []})
2026-09-10 13:31:41,602 DEBUG    Comm: handle_msg[eb122729b6104a269f5fe7a740fafa38]({'header': {'date': datetime.datetime(2026, 9, 10, 17, 31, 41, 601000, tzinfo=tzutc()), 'msg_id': '1d870048-2fca-49cf-982e-6de3092d33ee', 'msg_type': 'comm_msg', 'session': 'e5f7116c-d627-4768-95ad-d097da11888a', 'username': 'ab16067f-47ab-41c0-bc67-b1d633a2f9a8', 'version': '5.2'}, 'msg_id': '1d870048-2fca-49cf-982e-6de3092d33ee', 'msg_type': 'comm_msg', 'parent_header': {}, 'metadata': {}, 'content': {'comm_id': 'eb122729b6104a269f5fe7a740fafa38', 'data': {'method': 'update', 'state': {'index': 1}, 'buffer_paths': []}}, 'buffers': []})
2026-09-10 13:31:42,945 DEBUG    Comm: handle_msg[66279d17416a4dcba35791d105f4afd4]({'header': {'date': datetime.datetime(2026, 9, 10, 17, 31, 42, 944000, tzinfo=tzutc()), 'msg_id': 'b54e9eea-9e60-4d81-a202-d8c64f8b4287', 'msg_type': 'comm_msg', 'session': 'e5f7116c-d627-4768-95ad-d097da11888a', 'username': 'ab16067f-47ab-41c0-bc67-b1d633a2f9a8', 'version': '5.2'}, 'msg_id': 'b54e9eea-9e60-4d81-a202-d8c64f8b4287', 'msg_type': 'comm_msg', 'parent_header': {}, 'metadata': {}, 'content': {'comm_id': '66279d17416a4dcba35791d105f4afd4', 'data': {'method': 'update', 'state': {'index': 3}, 'buffer_paths': []}}, 'buffers': []})
2026-09-10 13:31:43,146 DEBUG    Comm: handle_msg[66279d17416a4dcba35791d105f4afd4]({'header': {'date': datetime.datetime(2026, 9, 10, 17, 31, 43, 144000, tzinfo=tzutc()), 'msg_id': '3689b20e-06d6-4118-835d-1f1db744aca0', 'msg_type': 'comm_msg', 'session': 'e5f7116c-d627-4768-95ad-d097da11888a', 'username': 'ab16067f-47ab-41c0-bc67-b1d633a2f9a8', 'version': '5.2'}, 'msg_id': '3689b20e-06d6-4118-835d-1f1db744aca0', 'msg_type': 'comm_msg', 'parent_header': {}, 'metadata': {}, 'content': {'comm_id': '66279d17416a4dcba35791d105f4afd4', 'data': {'method': 'update', 'state': {'index': 3}, 'buffer_paths': []}}, 'buffers': []})
2026-09-10 13:31:44,610 DEBUG    Comm: handle_msg[66279d17416a4dcba35791d105f4afd4]({'header': {'date': datetime.datetime(2026, 9, 10, 17, 31, 44, 609000, tzinfo=tzutc()), 'msg_id': '29f4e390-defc-430a-88d4-8303af664d1b', 'msg_type': 'comm_msg', 'session': 'e5f7116c-d627-4768-95ad-d097da11888a', 'username': 'ab16067f-47ab-41c0-bc67-b1d633a2f9a8', 'version': '5.2'}, 'msg_id': '29f4e390-defc-430a-88d4-8303af664d1b', 'msg_type': 'comm_msg', 'parent_header': {}, 'metadata': {}, 'content': {'comm_id': '66279d17416a4dcba35791d105f4afd4', 'data': {'method': 'update', 'state': {'index': 1}, 'buffer_paths': []}}, 'buffers': []})
2026-09-10 13:31:45,601 DEBUG    Comm: handle_msg[9e129841d9654cd8be2cb56d9bbf6f21]({'header': {'date': datetime.datetime(2026, 9, 10, 17, 31, 45, 599000, tzinfo=tzutc()), 'msg_id': '7d08619c-cb73-4e78-b376-9bf0e1343982', 'msg_type': 'comm_msg', 'session': 'e5f7116c-d627-4768-95ad-d097da11888a', 'username': 'ab16067f-47ab-41c0-bc67-b1d633a2f9a8', 'version': '5.2'}, 'msg_id': '7d08619c-cb73-4e78-b376-9bf0e1343982', 'msg_type': 'comm_msg', 'parent_header': {}, 'metadata': {}, 'content': {'comm_id': '9e129841d9654cd8be2cb56d9bbf6f21', 'data': {'method': 'custom', 'content': {'event': 'click'}}}, 'buffers': []})
2026-09-10 13:31:53,938 DEBUG    Comm: handle_msg[9e129841d9654cd8be2cb56d9bbf6f21]({'header': {'date': datetime.datetime(2026, 9, 10, 17, 31, 53, 936000, tzinfo=tzutc()), 'msg_id': 'dfddd4b2-e811-4914-828c-141c0c7e5c17', 'msg_type': 'comm_msg', 'session': 'e5f7116c-d627-4768-95ad-d097da11888a', 'username': 'ab16067f-47ab-41c0-bc67-b1d633a2f9a8', 'version': '5.2'}, 'msg_id': 'dfddd4b2-e811-4914-828c-141c0c7e5c17', 'msg_type': 'comm_msg', 'parent_header': {}, 'metadata': {}, 'content': {'comm_id': '9e129841d9654cd8be2cb56d9bbf6f21', 'data': {'method': 'custom', 'content': {'event': 'click'}}}, 'buffers': []})
2026-09-10 13:31:55,434 DEBUG    Comm: handle_msg[66279d17416a4dcba35791d105f4afd4]({'header': {'date': datetime.datetime(2026, 9, 10, 17, 31, 55, 432000, tzinfo=tzutc()), 'msg_id': '16b7d8f7-86d8-445a-9963-ef508fe9529c', 'msg_type': 'comm_msg', 'session': 'e5f7116c-d627-4768-95ad-d097da11888a', 'username': 'ab16067f-47ab-41c0-bc67-b1d633a2f9a8', 'version': '5.2'}, 'msg_id': '16b7d8f7-86d8-445a-9963-ef508fe9529c', 'msg_type': 'comm_msg', 'parent_header': {}, 'metadata': {}, 'content': {'comm_id': '66279d17416a4dcba35791d105f4afd4', 'data': {'method': 'update', 'state': {'index': 7}, 'buffer_paths': []}}, 'buffers': []})
2026-09-10 13:31:55,969 DEBUG    Comm: handle_msg[9e129841d9654cd8be2cb56d9bbf6f21]({'header': {'date': datetime.datetime(2026, 9, 10, 17, 31, 55, 968000, tzinfo=tzutc()), 'msg_id': 'faa71423-e62d-4b57-8161-61529f3c80fb', 'msg_type': 'comm_msg', 'session': 'e5f7116c-d627-4768-95ad-d097da11888a', 'username': 'ab16067f-47ab-41c0-bc67-b1d633a2f9a8', 'version': '5.2'}, 'msg_id': 'faa71423-e62d-4b57-8161-61529f3c80fb', 'msg_type': 'comm_msg', 'parent_header': {}, 'metadata': {}, 'content': {'comm_id': '9e129841d9654cd8be2cb56d9bbf6f21', 'data': {'method': 'custom', 'content': {'event': 'click'}}}, 'buffers': []})
2026-09-10 13:32:00,153 DEBUG    Comm: handle_msg[9e129841d9654cd8be2cb56d9bbf6f21]({'header': {'date': datetime.datetime(2026, 9, 10, 17, 32, 0, 151000, tzinfo=tzutc()), 'msg_id': '571063d8-b5be-4533-9e4f-1a5f6174f59e', 'msg_type': 'comm_msg', 'session': 'e5f7116c-d627-4768-95ad-d097da11888a', 'username': 'ab16067f-47ab-41c0-bc67-b1d633a2f9a8', 'version': '5.2'}, 'msg_id': '571063d8-b5be-4533-9e4f-1a5f6174f59e', 'msg_type': 'comm_msg', 'parent_header': {}, 'metadata': {}, 'content': {'comm_id': '9e129841d9654cd8be2cb56d9bbf6f21', 'data': {'method': 'custom', 'content': {'event': 'click'}}}, 'buffers': []})
2026-09-10 13:32:02,938 DEBUG    Comm: handle_msg[66279d17416a4dcba35791d105f4afd4]({'header': {'date': datetime.datetime(2026, 9, 10, 17, 32, 2, 936000, tzinfo=tzutc()), 'msg_id': '202e4f7e-428a-4fc2-8db5-55d6f02bb22e', 'msg_type': 'comm_msg', 'session': 'e5f7116c-d627-4768-95ad-d097da11888a', 'username': 'ab16067f-47ab-41c0-bc67-b1d633a2f9a8', 'version': '5.2'}, 'msg_id': '202e4f7e-428a-4fc2-8db5-55d6f02bb22e', 'msg_type': 'comm_msg', 'parent_header': {}, 'metadata': {}, 'content': {'comm_id': '66279d17416a4dcba35791d105f4afd4', 'data': {'method': 'update', 'state': {'index': 5}, 'buffer_paths': []}}, 'buffers': []})
2026-09-10 13:32:03,578 DEBUG    Comm: handle_msg[9e129841d9654cd8be2cb56d9bbf6f21]({'header': {'date': datetime.datetime(2026, 9, 10, 17, 32, 3, 577000, tzinfo=tzutc()), 'msg_id': 'a696942c-ea6f-4852-9f50-f46a32a2dd4d', 'msg_type': 'comm_msg', 'session': 'e5f7116c-d627-4768-95ad-d097da11888a', 'username': 'ab16067f-47ab-41c0-bc67-b1d633a2f9a8', 'version': '5.2'}, 'msg_id': 'a696942c-ea6f-4852-9f50-f46a32a2dd4d', 'msg_type': 'comm_msg', 'parent_header': {}, 'metadata': {}, 'content': {'comm_id': '9e129841d9654cd8be2cb56d9bbf6f21', 'data': {'method': 'custom', 'content': {'event': 'click'}}}, 'buffers': []})
